******************************************************************************
                  TI ARM Linker PC v20.2.5                     
******************************************************************************
>> Linked Wed Jul 20 15:17:40 2022

OUTPUT FILE NAME:   <boot_serial.out>
ENTRY POINT SYMBOL: "_c_int00"  address: 20000753


MEMORY CONFIGURATION

         name            origin    length      used     unused   attr    fill
----------------------  --------  ---------  --------  --------  ----  --------
  FLASH                 00000000   00100000  00000d52  000ff2ae  R  X
  SRAM                  20000000   00040000  00000f0a  0003f0f6  RW X


SEGMENT ALLOCATION MAP

run origin  load origin   length   init length attrs members
----------  ----------- ---------- ----------- ----- -------
20000000    00000000    00000d52   00000d52    r-x
  20000000    00000000    00000044   00000044    r-- .intvecs
  20000044    00000044    00000a26   00000a26    r-x .text
  20000a6c    00000a6c    000002e6   000002e6    r-- .const
20000d58    20000d58    000001b8   00000000    rw-
  20000d58    20000d58    000000f1   00000000    rw- .bss
  20000e50    20000e50    000000c0   00000000    rw- .stack


SECTION ALLOCATION MAP

 output                                  attributes/
section   page    origin      length       input sections
--------  ----  ----------  ----------   ----------------
.intvecs   0    00000000    00000044     RUN ADDR = 20000000
                  00000000    00000044     bl_startup_ccs.obj (.intvecs)

.text      0    00000044    00000a26     RUN ADDR = 20000044
                  00000044    00000250     bl_main.obj (.text:Updater)
                  00000294    00000200     sysctl.obj (.text:SysCtlClockFreqSet)
                  00000494    00000132     gpio.obj (.text:GPIOPadConfigSet)
                  000005c6    00000002     --HOLE-- [fill = 0]
                  000005c8    000000f4     bl_packet.obj (.text:ReceivePacket)
                  000006bc    00000098     bl_startup_ccs.obj (.text)
                  00000754    00000070     bl_main.obj (.text:ConfigureDevice)
                  000007c4    0000004c     gpio.obj (.text:GPIOPinConfigure)
                  00000810    00000048     sysctl.obj (.text:_SysCtlFrequencyGet)
                  00000858    00000046     uart.obj (.text:UARTConfigSetExpClk)
                  0000089e    00000002     --HOLE-- [fill = 0]
                  000008a0    00000034     sysctl.obj (.text:SysCtlPeripheralEnable)
                  000008d4    00000030     bl_uart.obj (.text:UARTSend)
                  00000904    0000002e     bl_check.obj (.text:CheckForceUpdate)
                  00000932    00000002     --HOLE-- [fill = 0]
                  00000934    0000002c     bl_flash.obj (.text:BLInternalFlashStartAddrCheck)
                  00000960    0000002c     gpio.obj (.text:GPIODirModeSet)
                  0000098c    00000020     uart.obj (.text:UARTDisable)
                  000009ac    00000020     bl_uart.obj (.text:UARTReceive)
                  000009cc    00000020     sysctl.obj (.text:_SysCtlMemTimingGet)
                  000009ec    00000018     gpio.obj (.text:GPIOPinTypeGPIOOutput)
                  00000a04    00000016     gpio.obj (.text:GPIOPinTypeUART)
                  00000a1a    00000014     uart.obj (.text:UARTEnable)
                  00000a2e    00000002     --HOLE-- [fill = 0]
                  00000a30    00000014     bl_uart.obj (.text:UARTFlush)
                  00000a44    0000000c     bl_packet.obj (.text:AckPacket)
                  00000a50    0000000a     uart.obj (.text:UARTCharGet)
                  00000a5a    00000008     bl_main.obj (.text:SwapWord)
                  00000a62    00000008     uart.obj (.text:UARTIntEnable)

.const     0    00000a6c    000002e6     RUN ADDR = 20000a6c
                  00000a6c    000001b0     sysctl.obj (.const:g_pppui32XTALtoVCO)
                  00000c1c    00000090     gpio.obj (.const:g_pui32GPIOBaseAddrs)
                  00000cac    0000006c     sysctl.obj (.const:g_pui32Xtals)
                  00000d18    00000030     sysctl.obj (.const:g_sXTALtoMEMTIM)
                  00000d48    00000008     sysctl.obj (.const:g_pui32VCOFrequencies)
                  00000d50    00000002     bl_packet.obj (.const:.string:g_pui8ACK)

.data      0    00000d52    00000000     UNINITIALIZEDRUN ADDR = 20000d52

.bss       0    20000d58    000000f1     UNINITIALIZED
                  20000d58    00000088     (.common:rxbuff)
                  20000de0    00000050     (.common:g_pui32DataBuffer)
                  20000e30    00000008     (.common:txbuff)
                  20000e38    00000004     (.common:Program_Address)
                  20000e3c    00000004     (.common:Program_Size)
                  20000e40    00000004     (.common:g_ui32TransferAddress)
                  20000e44    00000004     (.common:g_ui32TransferSize)
                  20000e48    00000001     (.common:g_ui8Status)

.stack     0    20000e50    000000c0     UNINITIALIZED
                  20000e50    000000c0     bl_startup_ccs.obj (.stack)

MODULE SUMMARY

       Module               code   ro data   rw data
       ------               ----   -------   -------
    .\
       bl_startup_ccs.obj   304    136       0      
    +--+--------------------+------+---------+---------+
       Total:               304    136       0      
                                                    
    .\boot_loader\
       bl_main.obj          1424   0         241    
       bl_packet.obj        512    4         0      
       bl_uart.obj          200    0         0      
       bl_check.obj         92     0         0      
       bl_flash.obj         88     0         0      
    +--+--------------------+------+---------+---------+
       Total:               2316   4         241    
                                                    
    .\driverlib\
       sysctl.obj           1336   1192      0      
       gpio.obj             944    288       0      
       uart.obj             280    0         0      
    +--+--------------------+------+---------+---------+
       Total:               2560   1480      0      
                                                    
       Stack:               0      0         192    
    +--+--------------------+------+---------+---------+
       Grand Total:         5180   1620      433    


GLOBAL SYMBOLS: SORTED ALPHABETICALLY BY Name 

address   name                         
-------   ----                         
20000a45  AckPacket                    
20000935  BLInternalFlashStartAddrCheck
20000905  CheckForceUpdate             
20000755  ConfigureDevice              
2000074d  Delay                        
20000961  GPIODirModeSet               
20000495  GPIOPadConfigSet             
200007c5  GPIOPinConfigure             
200009ed  GPIOPinTypeGPIOOutput        
20000a05  GPIOPinTypeUART              
20000e38  Program_Address              
20000e3c  Program_Size                 
200005c9  ReceivePacket                
20000701  ResetISR                     
20000723  StartApplication             
20000a5b  SwapWord                     
20000295  SysCtlClockFreqSet           
200008a1  SysCtlPeripheralEnable       
20000a51  UARTCharGet                  
20000859  UARTConfigSetExpClk          
2000098d  UARTDisable                  
20000a1b  UARTEnable                   
20000a31  UARTFlush                    
20000a63  UARTIntEnable                
200009ad  UARTReceive                  
200008d5  UARTSend                     
20000045  Updater                      
20000000  Vectors                      
20000f10  __STACK_END                  
000000c0  __STACK_SIZE                 
20000f10  __STACK_TOP                  
ffffffff  __TI_pprof_out_hndl          
ffffffff  __TI_prof_data_size          
ffffffff  __TI_prof_data_start         
20000000  __TI_static_base__           
ffffffff  __binit__                    
ffffffff  __c_args__                   
20000e50  __stack                      
20000753  _c_int00                     
ffffffff  binit                        
20000f10  bss_end                      
20000d58  bss_run                      
000001b8  bss_size                     
20000de0  g_pui32DataBuffer            
20000e40  g_ui32TransferAddress        
20000e44  g_ui32TransferSize           
20000e48  g_ui8Status                  
00000000  init_load                    
20000000  init_run                     
00000d52  init_size                    
20000d58  rxbuff                       
20000e30  txbuff                       


GLOBAL SYMBOLS: SORTED BY Symbol Address 

address   name                         
-------   ----                         
00000000  init_load                    
000000c0  __STACK_SIZE                 
000001b8  bss_size                     
00000d52  init_size                    
20000000  Vectors                      
20000000  __TI_static_base__           
20000000  init_run                     
20000045  Updater                      
20000295  SysCtlClockFreqSet           
20000495  GPIOPadConfigSet             
200005c9  ReceivePacket                
20000701  ResetISR                     
20000723  StartApplication             
2000074d  Delay                        
20000753  _c_int00                     
20000755  ConfigureDevice              
200007c5  GPIOPinConfigure             
20000859  UARTConfigSetExpClk          
200008a1  SysCtlPeripheralEnable       
200008d5  UARTSend                     
20000905  CheckForceUpdate             
20000935  BLInternalFlashStartAddrCheck
20000961  GPIODirModeSet               
2000098d  UARTDisable                  
200009ad  UARTReceive                  
200009ed  GPIOPinTypeGPIOOutput        
20000a05  GPIOPinTypeUART              
20000a1b  UARTEnable                   
20000a31  UARTFlush                    
20000a45  AckPacket                    
20000a51  UARTCharGet                  
20000a5b  SwapWord                     
20000a63  UARTIntEnable                
20000d58  bss_run                      
20000d58  rxbuff                       
20000de0  g_pui32DataBuffer            
20000e30  txbuff                       
20000e38  Program_Address              
20000e3c  Program_Size                 
20000e40  g_ui32TransferAddress        
20000e44  g_ui32TransferSize           
20000e48  g_ui8Status                  
20000e50  __stack                      
20000f10  __STACK_END                  
20000f10  __STACK_TOP                  
20000f10  bss_end                      
ffffffff  __TI_pprof_out_hndl          
ffffffff  __TI_prof_data_size          
ffffffff  __TI_prof_data_start         
ffffffff  __binit__                    
ffffffff  __c_args__                   
ffffffff  binit                        

[52 symbols]
